app/dashboard/page.tsx(219,22): error TS2352: Conversion of type 'number' to type 'string' may be a mistake because neither type sufficiently overlaps with the other. If this was intentional, convert the expression to 'unknown' first.
components/CategoryBreakdown.tsx(75,15): error TS2322: Type '(v: number) => string' is not assignable to type 'LabelFormatter'.
  Types of parameters 'v' and 'label' are incompatible.
    Type 'RenderableText' is not assignable to type 'number'.
      Type 'undefined' is not assignable to type 'number'.
